Resonance 500-user capacity result
target=GET http://gateway/api/projects
users=500 requests_per_user=2 total=1000
elapsed=15.266s throughput=65.5 req/s
latency_ms p50=5055.2 p95=10801.4 p99=12152.1 mean=5496.4
statuses={200: 1000} error_rate=0.000%
gate=FAIL max_error_rate=1.0% max_p95_ms=800.0
..F........
=================================== FAILURES ===================================
_____________ test_partial_success_isolated_hold_and_admin_policy ______________

    def test_partial_success_isolated_hold_and_admin_policy():
>       before=call("GET","/ledger").json()["balances"];p=make_project("Partial");q=call("POST",f"/projects/{p['id']}/quotes",json={"candidate_count":2,"scenario":"partial_success"}).json();job=call("POST","/jobs",headers={"Idempotency-Key":"partial-"+uuid.uuid4().hex},json={"quote_id":q["id"],"quote_hash":q["quote_hash"],"user_confirmation":True}).json();done=wait_job(job["id"]);assert done["job"]["status"]=="partial";assert int(done["job"]["settled_credits"])==10;assert float(done["job"]["released_amount"])==10
                                                                                                                                                                                                  ^^^^^^^^^^^^^^^^^^^^^^^^^^^^^^^^^^^^^^^^^^^^^^^^^^^^^^^^^^^^^^^^^^^^^^^^^^^^^^^^^^^^^^^^^^^^^^^^^^^^^^^^^^^^^^^^^^^^^^^^^^^^^^^^^^^^^^^^^^^^^^^^^^^^^^^^^^^^

test_acceptance.py:60: 
_ _ _ _ _ _ _ _ _ _ _ _ _ _ _ _ _ _ _ _ _ _ _ _ _ _ _ _ _ _ _ _ _ _ _ _ _ _ _ _ 

method = 'POST', path = '/jobs'
token = 'eyJhbGciOiJIUzI1NiIsInR5cCI6IkpXVCJ9.eyJzdWIiOiIyMjIyMjIyMi0yMjIyLTIyMjItMjIyMi0yMjIyMjIyMjIyMjIiLCJpYXQiOjE3OTA2NTQ2...CI6IjQ3NmMxYjlhLWVjNDYtNDZjZC04N2EyLTg2YWNiYTEwYmNkYSIsImFtciI6WyJwd2QiXX0.Hotz-qQeF5YUQxnD6OBWizlLeM1LRdopefYhTE2xUpA'
ws = '11111111-1111-1111-1111-111111111111', ok = range(200, 400)
kwargs = {'json': {'quote_hash': 'd7e08427fa101fefc7a05cbbbe378c10bbf491a52f58c552849794785f46435b', 'quote_id': 'ce9da581-6ffc-4cd6-bb50-7b13a88cc1a0', 'user_confirmation': True}}
r = <Response [402]>, @py_assert1 = 402, @py_assert3 = False
@py_format5 = '402\n{402 = <Response [402]>.status_code\n} in range(200, 400)'
@py_format7 = 'POST /jobs: 402 {"detail":"available=10.0, required=20"}\n>assert 402\n{402 = <Response [402]>.status_code\n} in range(200, 400)'

    def call(method,path,token=OWNER_TOKEN,ws=OWNER_WS,ok=range(200,400),**kwargs):
>       r=requests.request(method,BASE+path,headers={**headers(token,ws),**kwargs.pop("headers",{})},timeout=30,**kwargs);assert r.status_code in ok,f"{method} {path}: {r.status_code} {r.text}";return r
                                                                                                                          ^^^^^^^^^^^^^^^^^^^^^^^^^^^^^^^^^^^^^^^^^^^^^^^^^^^^^^^^^^^^^^^^^^^^^^^
E       AssertionError: POST /jobs: 402 {"detail":"available=10.0, required=20"}
E       assert 402 in range(200, 400)
E        +  where 402 = <Response [402]>.status_code

test_acceptance.py:12: AssertionError
=========================== short test summary info ============================
FAILED test_acceptance.py::test_partial_success_isolated_hold_and_admin_policy
1 failed, 10 passed in 19.11s
