Resonance 500-user capacity result
target=GET http://gateway/api/projects
users=20 requests_per_user=1 total=20
elapsed=0.469s throughput=42.6 req/s
latency_ms p50=323.2 p95=455.6 p99=459.3 mean=341.0
statuses={200: 20} error_rate=0.000%
gate=FAIL max_error_rate=1.0% max_p95_ms=1.0
 Volume ai-music-platform-v13_provider_media Creating 
 Volume ai-music-platform-v13_provider_state Creating 
 Volume ai-music-platform-v13_provider_state Creating 
 Volume ai-music-platform-v13_payment_state Creating 
 Volume ai-music-platform-v13_payment_state Creating 
 Network ai-music-platform-v13_default Creating 
 Network ai-music-platform-v13_default Creating 
 Volume ai-music-platform-v13_minio_data Creating 
 Volume ai-music-platform-v13_minio_data Creating 
 Volume ai-music-platform-v13_provider_media Creating 
 Volume ai-music-platform-v13_redis_data Creating 
 Volume ai-music-platform-v13_redis_data Creating 
 Volume ai-music-platform-v13_pg_data Creating 
 Volume ai-music-platform-v13_pg_data Creating 
 Volume ai-music-platform-v13_prometheus_data Creating 
 Volume ai-music-platform-v13_prometheus_data Creating 
 Volume ai-music-platform-v13_payment_state Created 
 Volume ai-music-platform-v13_payment_state Created 
 Volume ai-music-platform-v13_minio_data Created 
 Volume ai-music-platform-v13_minio_data Created 
 Volume ai-music-platform-v13_prometheus_data Created 
 Volume ai-music-platform-v13_prometheus_data Created 
 Volume ai-music-platform-v13_pg_data Created 
 Volume ai-music-platform-v13_pg_data Created 
 Volume ai-music-platform-v13_redis_data Created 
 Volume ai-music-platform-v13_redis_data Created 
 Volume ai-music-platform-v13_provider_state Created 
 Volume ai-music-platform-v13_provider_state Created 
 Volume ai-music-platform-v13_provider_media Created 
 Volume ai-music-platform-v13_provider_media Created 
 Network ai-music-platform-v13_default Created 
 Network ai-music-platform-v13_default Created 
 Container ai-music-platform-v13-postgres-1 Creating 
 Container ai-music-platform-v13-redis-1 Creating 
 Container ai-music-platform-v13-provider-emulator-1 Creating 
 Container ai-music-platform-v13-payment-emulator-1 Creating 
 Container ai-music-platform-v13-minio-1 Creating 
 Container ai-music-platform-v13-payment-emulator-1 Created 
 Container ai-music-platform-v13-provider-emulator-1 Created 
 Container ai-music-platform-v13-minio-1 Created 
 Container ai-music-platform-v13-redis-1 Created 
 Container ai-music-platform-v13-postgres-1 Created 
 Container ai-music-platform-v13-migrate-1 Creating 
 Container ai-music-platform-v13-migrate-1 Created 
 Container ai-music-platform-v13-worker-1 Creating 
 Container ai-music-platform-v13-api-1 Creating 
 Container ai-music-platform-v13-worker-1 Created 
 Container ai-music-platform-v13-api-1 Created 
 Container ai-music-platform-v13-admin-1 Creating 
 Container ai-music-platform-v13-web-1 Creating 
 Container ai-music-platform-v13-prometheus-1 Creating 
 Container ai-music-platform-v13-web-1 Created 
 Container ai-music-platform-v13-admin-1 Created 
 Container ai-music-platform-v13-gateway-1 Creating 
 Container ai-music-platform-v13-prometheus-1 Created 
 Container ai-music-platform-v13-gateway-1 Created 
 Container ai-music-platform-v13-redis-1 Starting 
 Container ai-music-platform-v13-minio-1 Starting 
 Container ai-music-platform-v13-provider-emulator-1 Starting 
 Container ai-music-platform-v13-postgres-1 Starting 
 Container ai-music-platform-v13-payment-emulator-1 Starting 
 Container ai-music-platform-v13-minio-1 Started 
 Container ai-music-platform-v13-payment-emulator-1 Started 
 Container ai-music-platform-v13-redis-1 Started 
 Container ai-music-platform-v13-provider-emulator-1 Started 
 Container ai-music-platform-v13-postgres-1 Started 
 Container ai-music-platform-v13-postgres-1 Waiting 
 Container ai-music-platform-v13-postgres-1 Healthy 
 Container ai-music-platform-v13-migrate-1 Starting 
 Container ai-music-platform-v13-migrate-1 Started 
 Container ai-music-platform-v13-minio-1 Waiting 
 Container ai-music-platform-v13-provider-emulator-1 Waiting 
 Container ai-music-platform-v13-payment-emulator-1 Waiting 
 Container ai-music-platform-v13-migrate-1 Waiting 
 Container ai-music-platform-v13-redis-1 Waiting 
 Container ai-music-platform-v13-minio-1 Waiting 
 Container ai-music-platform-v13-provider-emulator-1 Waiting 
 Container ai-music-platform-v13-migrate-1 Waiting 
 Container ai-music-platform-v13-redis-1 Waiting 
 Container ai-music-platform-v13-redis-1 Healthy 
 Container ai-music-platform-v13-minio-1 Healthy 
 Container ai-music-platform-v13-redis-1 Healthy 
 Container ai-music-platform-v13-provider-emulator-1 Healthy 
 Container ai-music-platform-v13-payment-emulator-1 Healthy 
 Container ai-music-platform-v13-provider-emulator-1 Healthy 
 Container ai-music-platform-v13-minio-1 Healthy 
 Container ai-music-platform-v13-migrate-1 Exited 
 Container ai-music-platform-v13-worker-1 Starting 
 Container ai-music-platform-v13-migrate-1 Exited 
 Container ai-music-platform-v13-api-1 Starting 
 Container ai-music-platform-v13-worker-1 Started 
 Container ai-music-platform-v13-api-1 Started 
 Container ai-music-platform-v13-api-1 Waiting 
 Container ai-music-platform-v13-api-1 Waiting 
 Container ai-music-platform-v13-worker-1 Waiting 
 Container ai-music-platform-v13-api-1 Waiting 
 Container ai-music-platform-v13-worker-1 Healthy 
 Container ai-music-platform-v13-api-1 Healthy 
 Container ai-music-platform-v13-prometheus-1 Starting 
 Container ai-music-platform-v13-api-1 Healthy 
 Container ai-music-platform-v13-admin-1 Starting 
 Container ai-music-platform-v13-api-1 Healthy 
 Container ai-music-platform-v13-web-1 Starting 
 Container ai-music-platform-v13-web-1 Started 
 Container ai-music-platform-v13-admin-1 Started 
 Container ai-music-platform-v13-api-1 Waiting 
 Container ai-music-platform-v13-web-1 Waiting 
 Container ai-music-platform-v13-admin-1 Waiting 
 Container ai-music-platform-v13-prometheus-1 Started 
 Container ai-music-platform-v13-api-1 Healthy 
 Container ai-music-platform-v13-web-1 Healthy 
 Container ai-music-platform-v13-admin-1 Healthy 
 Container ai-music-platform-v13-gateway-1 Starting 
 Container ai-music-platform-v13-gateway-1 Started 
...........
11 passed in 24.70s
